﻿Γ£à Gemini providers initialized
Γ£à DeepSeek providers initialized
Γ£à OpenRouter providers initialized
Γ£à Hugging Face providers initialized
≡ƒñû Multi-provider AI service initialized with 7 providers
≡ƒöì Checking available Gemini models...

--- Testing Course Module Parsing ---
≡ƒöì Available providers for this request: DeepSeek Chat, Gemini Flash, Gemini Pro, Llama 3 8B (OpenRouter), Mistral 7B (OpenRouter), DistilGPT-2 (Hugging Face), Mock AI (Fallback)
≡ƒöä [Failover Attempt 1/5] Using DeepSeek Chat
≡ƒôï Available models in v1 API:
  - models/gemini-2.5-flash (supports: generateContent, countTokens, createCachedContent, batchGenerateContent)
  - models/gemini-2.5-pro (supports: generateContent, countTokens, createCachedContent, batchGenerateContent)
  - models/gemini-2.0-flash (supports: generateContent, countTokens, createCachedContent, batchGenerateContent)
  - models/gemini-2.0-flash-001 (supports: generateContent, countTokens, createCachedContent, batchGenerateContent)
  - models/gemini-2.0-flash-lite-001 (supports: generateContent, countTokens, createCachedContent, batchGenerateContent)
  - models/gemini-2.0-flash-lite (supports: generateContent, countTokens, createCachedContent, batchGenerateContent)
  - models/gemini-2.5-flash-lite (supports: generateContent, countTokens, createCachedContent, batchGenerateContent)
ΓÅ│ Provider Gemini Flash rate limited, cooldown for 60 seconds
Γ¥î Health check failed for Gemini Flash: Gemini API error: 429 Too Many Requests
ΓÅ│ Provider Gemini Pro rate limited, cooldown for 60 seconds
Γ¥î Health check failed for Gemini Pro: Gemini API error: 429 Too Many Requests
Γ£à Request successful with DeepSeek Chat
Modules generated: 3
First module title: Introduction to Deep Learning
Γ£à Request successful with DeepSeek Chat
Γ£à Health check passed for DeepSeek Chat
Γ£à Request successful with Llama 3 8B (OpenRouter)
Γ£à Health check passed for Llama 3 8B (OpenRouter)
Γ¥î Health check failed for Mistral 7B (OpenRouter): OpenRouter API error: 404 Not Found
Γ¥î Health check failed for DistilGPT-2 (Hugging Face): Hugging Face API error: 403
≡ƒñû Using Mock AI fallback for model: mock-ai
Γ£à Request successful with Mock AI (Fallback)
Γ£à Health check passed for Mock AI (Fallback)
